// Vitest Snapshot v1, https://vitest.dev/guide/snapshot.html

exports[`Input > renders default state 1`] = `
<div
  class="relative inline-flex w-full items-center rounded-xl border border-border/28 bg-card/60 backdrop-blur-[2px] shadow-[0_0_0_1px_hsl(var(--border)/0.12)] transition-[box-shadow,transform] duration-150 ease-out hover:border-border/38 focus-within:outline-none focus-within:ring-2 focus-within:ring-[--theme-ring] focus-within:ring-offset-0 focus-within:shadow-[0_0_24px_hsl(var(--accent)/0.14)] before:pointer-events-none before:absolute before:inset-0 before:rounded-[inherit] before:opacity-[0.05] before:bg-[repeating-linear-gradient(0deg,hsl(var(--accent-2)/0.4)_0_1px,transparent_1px_3px)] after:pointer-events-none after:absolute after:inset-0 after:rounded-[inherit] after:opacity-[0.04] after:bg-[url('/noise.svg')]"
  style="--theme-ring: hsl(var(--ring)); --control-h: 2.5rem;"
>
  <input
    class="w-full bg-transparent px-4 text-sm text-foreground placeholder:text-muted-foreground/80 caret-accent border-none focus:outline-none focus-visible:outline-none h-[var(--control-h)]"
    id=":r0:"
    name=":r0:"
  />
</div>
`;

exports[`Input > renders disabled state 1`] = `
<div
  class="relative inline-flex w-full items-center rounded-xl border border-border/28 bg-card/60 backdrop-blur-[2px] shadow-[0_0_0_1px_hsl(var(--border)/0.12)] transition-[box-shadow,transform] duration-150 ease-out hover:border-border/38 focus-within:outline-none focus-within:ring-2 focus-within:ring-[--theme-ring] focus-within:ring-offset-0 focus-within:shadow-[0_0_24px_hsl(var(--accent)/0.14)] before:pointer-events-none before:absolute before:inset-0 before:rounded-[inherit] before:opacity-[0.05] before:bg-[repeating-linear-gradient(0deg,hsl(var(--accent-2)/0.4)_0_1px,transparent_1px_3px)] after:pointer-events-none after:absolute after:inset-0 after:rounded-[inherit] after:opacity-[0.04] after:bg-[url('/noise.svg')] opacity-60 pointer-events-none"
  style="--theme-ring: hsl(var(--ring)); --control-h: 2.5rem;"
>
  <input
    class="w-full bg-transparent px-4 text-sm text-foreground placeholder:text-muted-foreground/80 caret-accent border-none focus:outline-none focus-visible:outline-none h-[var(--control-h)]"
    disabled=""
    id=":r4:"
    name=":r4:"
  />
</div>
`;

exports[`Input > renders error state 1`] = `
<div
  class="relative inline-flex w-full items-center rounded-xl border bg-card/60 backdrop-blur-[2px] shadow-[0_0_0_1px_hsl(var(--border)/0.12)] transition-[box-shadow,transform] duration-150 ease-out hover:border-border/38 focus-within:outline-none focus-within:ring-2 focus-within:ring-offset-0 focus-within:shadow-[0_0_24px_hsl(var(--accent)/0.14)] before:pointer-events-none before:absolute before:inset-0 before:rounded-[inherit] before:opacity-[0.05] before:bg-[repeating-linear-gradient(0deg,hsl(var(--accent-2)/0.4)_0_1px,transparent_1px_3px)] after:pointer-events-none after:absolute after:inset-0 after:rounded-[inherit] after:opacity-[0.04] after:bg-[url('/noise.svg')] border-danger/60 focus-within:ring-danger/35"
  style="--theme-ring: hsl(var(--ring)); --control-h: 2.5rem;"
>
  <input
    aria-invalid="true"
    class="w-full bg-transparent px-4 text-sm text-foreground placeholder:text-muted-foreground/80 caret-accent border-none focus:outline-none focus-visible:outline-none h-[var(--control-h)]"
    id=":r2:"
    name=":r2:"
  />
</div>
`;

exports[`Input > renders focus state 1`] = `
<div
  class="relative inline-flex w-full items-center rounded-xl border border-border/28 bg-card/60 backdrop-blur-[2px] shadow-[0_0_0_1px_hsl(var(--border)/0.12)] transition-[box-shadow,transform] duration-150 ease-out hover:border-border/38 focus-within:outline-none focus-within:ring-2 focus-within:ring-[--theme-ring] focus-within:ring-offset-0 focus-within:shadow-[0_0_24px_hsl(var(--accent)/0.14)] before:pointer-events-none before:absolute before:inset-0 before:rounded-[inherit] before:opacity-[0.05] before:bg-[repeating-linear-gradient(0deg,hsl(var(--accent-2)/0.4)_0_1px,transparent_1px_3px)] after:pointer-events-none after:absolute after:inset-0 after:rounded-[inherit] after:opacity-[0.04] after:bg-[url('/noise.svg')]"
  style="--theme-ring: hsl(var(--ring)); --control-h: 2.5rem;"
>
  <input
    class="w-full bg-transparent px-4 text-sm text-foreground placeholder:text-muted-foreground/80 caret-accent border-none focus:outline-none focus-visible:outline-none h-[var(--control-h)]"
    id=":r1:"
    name=":r1:"
  />
</div>
`;
