// Vitest Snapshot v1, https://vitest.dev/guide/snapshot.html

exports[`Input > renders default state 1`] = `
<div
  class="space-y-1"
>
  <div
    class="group relative inline-flex w-full items-center rounded-[16px] border border-[hsl(var(--border)/0.25)] bg-[hsl(var(--card)/0.6)] backdrop-blur-[2px] shadow-[0_0_0_1px_hsl(var(--border)/0.12)] transition-[box-shadow,transform] duration-150 ease-out before:content-[''] before:scanlines before:opacity-5 after:content-[''] after:noise hover:border-[hsl(var(--border)/0.35)] hover:shadow-[0_0_0_1px_hsl(var(--border)/0.2)] focus-within:ring-2 focus-within:ring-[hsl(var(--accent)/0.28)] focus-within:ring-offset-2 focus-within:ring-offset-[hsl(var(--background))] focus-within:shadow-[0_0_24px_hsl(var(--accent)/0.14)] jitter"
  >
    <input
      aria-label="test"
      class="flex-1 px-3.5 text-sm bg-transparent placeholder:text-[hsl(var(--muted-foreground))/0.8] text-[hsl(var(--foreground))] caret-[hsl(var(--accent))] outline-none disabled:cursor-not-allowed h-11"
      id=":r0:"
      name="test"
    />
  </div>
</div>
`;

exports[`Input > renders disabled state 1`] = `
<div
  class="space-y-1"
>
  <div
    class="group relative inline-flex w-full items-center rounded-[16px] border border-[hsl(var(--border)/0.25)] bg-[hsl(var(--card)/0.6)] backdrop-blur-[2px] shadow-[0_0_0_1px_hsl(var(--border)/0.12)] transition-[box-shadow,transform] duration-150 ease-out before:content-[''] before:scanlines before:opacity-5 after:content-[''] after:noise hover:border-[hsl(var(--border)/0.35)] hover:shadow-[0_0_0_1px_hsl(var(--border)/0.2)] focus-within:ring-2 focus-within:ring-[hsl(var(--accent)/0.28)] focus-within:ring-offset-2 focus-within:ring-offset-[hsl(var(--background))] focus-within:shadow-[0_0_24px_hsl(var(--accent)/0.14)] jitter opacity-60 cursor-not-allowed focus-within:ring-0 focus-within:shadow-none"
  >
    <input
      aria-label="test"
      class="flex-1 px-3.5 text-sm bg-transparent placeholder:text-[hsl(var(--muted-foreground))/0.8] text-[hsl(var(--foreground))] caret-[hsl(var(--accent))] outline-none disabled:cursor-not-allowed h-11"
      disabled=""
      id=":r3:"
      name="test"
    />
  </div>
</div>
`;

exports[`Input > renders error state 1`] = `
<div
  class="space-y-1"
>
  <div
    class="group relative inline-flex w-full items-center rounded-[16px] border border-[hsl(var(--border)/0.25)] bg-[hsl(var(--card)/0.6)] backdrop-blur-[2px] shadow-[0_0_0_1px_hsl(var(--border)/0.12)] transition-[box-shadow,transform] duration-150 ease-out before:content-[''] before:scanlines before:opacity-5 after:content-[''] after:noise hover:border-[hsl(var(--border)/0.35)] hover:shadow-[0_0_0_1px_hsl(var(--border)/0.2)] focus-within:ring-2 focus-within:ring-[hsl(var(--accent)/0.28)] focus-within:ring-offset-2 focus-within:ring-offset-[hsl(var(--background))] focus-within:shadow-[0_0_24px_hsl(var(--accent)/0.14)] jitter border-[hsl(var(--destructive)/0.55)] focus-within:ring-[hsl(var(--destructive)/0.35)]"
  >
    <input
      aria-describedby=":r2:-error"
      aria-invalid="true"
      aria-label="test"
      class="flex-1 px-3.5 text-sm bg-transparent placeholder:text-[hsl(var(--muted-foreground))/0.8] text-[hsl(var(--foreground))] caret-[hsl(var(--accent))] outline-none disabled:cursor-not-allowed h-11"
      id=":r2:"
      name="test"
    />
  </div>
  <p
    class="text-xs mt-1 line-clamp-2 text-[hsl(var(--destructive))]"
    id=":r2:-error"
  >
    Error
  </p>
</div>
`;

exports[`Input > renders focus state 1`] = `
<div
  class="space-y-1"
>
  <div
    class="group relative inline-flex w-full items-center rounded-[16px] border border-[hsl(var(--border)/0.25)] bg-[hsl(var(--card)/0.6)] backdrop-blur-[2px] shadow-[0_0_0_1px_hsl(var(--border)/0.12)] transition-[box-shadow,transform] duration-150 ease-out before:content-[''] before:scanlines before:opacity-5 after:content-[''] after:noise hover:border-[hsl(var(--border)/0.35)] hover:shadow-[0_0_0_1px_hsl(var(--border)/0.2)] focus-within:ring-2 focus-within:ring-[hsl(var(--accent)/0.28)] focus-within:ring-offset-2 focus-within:ring-offset-[hsl(var(--background))] focus-within:shadow-[0_0_24px_hsl(var(--accent)/0.14)] jitter"
  >
    <input
      aria-label="test"
      class="flex-1 px-3.5 text-sm bg-transparent placeholder:text-[hsl(var(--muted-foreground))/0.8] text-[hsl(var(--foreground))] caret-[hsl(var(--accent))] outline-none disabled:cursor-not-allowed h-11"
      id=":r1:"
      name="test"
    />
  </div>
</div>
`;
